[2025-12-28 15:56:22] Namespace(base_lr=0.0001, batch_size=4, deterministic=1, early_stop_patience=15, img_dir='../dataset/image', img_size=256, mask_dir='../dataset/mask', max_epochs=50, n_gpu=1, n_skip=3, num_classes=2, save_dir='../save_model_unetplusplus_scsa', seed=42, train_ratio=0.7, val_ratio=0.15, vit_name='R50-ViT-B_16', vit_patches_size=16, warmup_epochs=5)
[2025-12-28 15:56:22] Using device: cuda
[2025-12-28 15:56:22] ======================================================================
[2025-12-28 15:56:22] 加载数据集...
[2025-12-28 15:56:22] 数据集划分:
[2025-12-28 15:56:22]   - 训练集: 433 (70.0%)
[2025-12-28 15:56:22]   - 验证集: 92 (14.9%)
[2025-12-28 15:56:22]   - 测试集: 94 (15.2%)
[2025-12-28 15:56:22] ======================================================================
[2025-12-28 15:56:22] 初始化UNet++模型...
[2025-12-28 15:56:22] ======================================================================
[2025-12-28 15:56:22] 开始训练...
[2025-12-28 15:56:49] [Epoch 1/50] Val mIoU: 0.7585 Val Dice: 0.8443 Val HD95: 23.5045 Val Acc: 0.9447 | Train Loss: 0.333392 | Time: 27.39s ETA: 0:22:22
[2025-12-28 15:56:50] >>> New run-best at epoch 1, Val mIoU=0.7585 Val Dice=0.8443 Val HD95=23.5045
[2025-12-28 15:57:17] [Epoch 2/50] Val mIoU: 0.7546 Val Dice: 0.8392 Val HD95: 23.2318 Val Acc: 0.9405 | Train Loss: 0.235981 | Time: 27.24s ETA: 0:21:51
[2025-12-28 15:57:44] [Epoch 3/50] Val mIoU: 0.7778 Val Dice: 0.8592 Val HD95: 19.9760 Val Acc: 0.9454 | Train Loss: 0.190017 | Time: 27.20s ETA: 0:21:21
[2025-12-28 15:57:44] >>> New run-best at epoch 3, Val mIoU=0.7778 Val Dice=0.8592 Val HD95=19.9760
[2025-12-28 15:58:12] [Epoch 4/50] Val mIoU: 0.7815 Val Dice: 0.8620 Val HD95: 18.8180 Val Acc: 0.9564 | Train Loss: 0.160527 | Time: 27.61s ETA: 0:20:58
[2025-12-28 15:58:12] >>> New run-best at epoch 4, Val mIoU=0.7815 Val Dice=0.8620 Val HD95=18.8180
[2025-12-28 15:58:37] [Epoch 5/50] Val mIoU: 0.7864 Val Dice: 0.8656 Val HD95: 15.5511 Val Acc: 0.9575 | Train Loss: 0.138859 | Time: 24.79s ETA: 0:20:07
[2025-12-28 15:58:37] >>> New run-best at epoch 5, Val mIoU=0.7864 Val Dice=0.8656 Val HD95=15.5511
[2025-12-28 15:59:01] [Epoch 6/50] Val mIoU: 0.7922 Val Dice: 0.8716 Val HD95: 14.9604 Val Acc: 0.9591 | Train Loss: 0.128475 | Time: 24.55s ETA: 0:19:24
[2025-12-28 15:59:02] >>> New run-best at epoch 6, Val mIoU=0.7922 Val Dice=0.8716 Val HD95=14.9604
[2025-12-28 15:59:26] [Epoch 7/50] Val mIoU: 0.7841 Val Dice: 0.8642 Val HD95: 13.8819 Val Acc: 0.9577 | Train Loss: 0.115287 | Time: 24.57s ETA: 0:18:46
[2025-12-28 15:59:53] [Epoch 8/50] Val mIoU: 0.7979 Val Dice: 0.8754 Val HD95: 15.0822 Val Acc: 0.9591 | Train Loss: 0.109666 | Time: 26.48s ETA: 0:18:21
[2025-12-28 15:59:53] >>> New run-best at epoch 8, Val mIoU=0.7979 Val Dice=0.8754 Val HD95=15.0822
[2025-12-28 16:00:20] [Epoch 9/50] Val mIoU: 0.8090 Val Dice: 0.8854 Val HD95: 8.6174 Val Acc: 0.9614 | Train Loss: 0.104199 | Time: 27.08s ETA: 0:17:59
[2025-12-28 16:00:20] >>> New run-best at epoch 9, Val mIoU=0.8090 Val Dice=0.8854 Val HD95=8.6174
[2025-12-28 16:00:47] [Epoch 10/50] Val mIoU: 0.7924 Val Dice: 0.8726 Val HD95: 12.7239 Val Acc: 0.9593 | Train Loss: 0.099237 | Time: 27.24s ETA: 0:17:36
[2025-12-28 16:01:13] [Epoch 11/50] Val mIoU: 0.8008 Val Dice: 0.8791 Val HD95: 14.4923 Val Acc: 0.9576 | Train Loss: 0.097096 | Time: 25.20s ETA: 0:17:05
[2025-12-28 16:01:39] [Epoch 12/50] Val mIoU: 0.8001 Val Dice: 0.8782 Val HD95: 13.7845 Val Acc: 0.9604 | Train Loss: 0.094958 | Time: 26.22s ETA: 0:16:39
[2025-12-28 16:02:06] [Epoch 13/50] Val mIoU: 0.8124 Val Dice: 0.8879 Val HD95: 10.8551 Val Acc: 0.9610 | Train Loss: 0.092482 | Time: 26.80s ETA: 0:16:14
[2025-12-28 16:02:06] >>> New run-best at epoch 13, Val mIoU=0.8124 Val Dice=0.8879 Val HD95=10.8551
[2025-12-28 16:02:33] [Epoch 14/50] Val mIoU: 0.7937 Val Dice: 0.8731 Val HD95: 12.0266 Val Acc: 0.9596 | Train Loss: 0.091663 | Time: 27.52s ETA: 0:15:51
[2025-12-28 16:03:01] [Epoch 15/50] Val mIoU: 0.8073 Val Dice: 0.8839 Val HD95: 13.3502 Val Acc: 0.9613 | Train Loss: 0.089860 | Time: 27.69s ETA: 0:15:27
[2025-12-28 16:03:29] [Epoch 16/50] Val mIoU: 0.8065 Val Dice: 0.8835 Val HD95: 10.6366 Val Acc: 0.9612 | Train Loss: 0.087815 | Time: 27.63s ETA: 0:15:03
[2025-12-28 16:03:56] [Epoch 17/50] Val mIoU: 0.8069 Val Dice: 0.8834 Val HD95: 11.4068 Val Acc: 0.9611 | Train Loss: 0.087715 | Time: 27.47s ETA: 0:14:38
[2025-12-28 16:04:23] [Epoch 18/50] Val mIoU: 0.8138 Val Dice: 0.8888 Val HD95: 10.6398 Val Acc: 0.9625 | Train Loss: 0.085112 | Time: 27.24s ETA: 0:14:13
[2025-12-28 16:04:24] >>> New run-best at epoch 18, Val mIoU=0.8138 Val Dice=0.8888 Val HD95=10.6398
[2025-12-28 16:04:50] [Epoch 19/50] Val mIoU: 0.8145 Val Dice: 0.8891 Val HD95: 11.9662 Val Acc: 0.9625 | Train Loss: 0.086790 | Time: 26.46s ETA: 0:13:46
[2025-12-28 16:04:50] >>> New run-best at epoch 19, Val mIoU=0.8145 Val Dice=0.8891 Val HD95=11.9662
[2025-12-28 16:05:18] [Epoch 20/50] Val mIoU: 0.8157 Val Dice: 0.8900 Val HD95: 11.8716 Val Acc: 0.9627 | Train Loss: 0.084383 | Time: 27.50s ETA: 0:13:20
[2025-12-28 16:05:18] >>> New run-best at epoch 20, Val mIoU=0.8157 Val Dice=0.8900 Val HD95=11.8716
[2025-12-28 16:05:45] [Epoch 21/50] Val mIoU: 0.8169 Val Dice: 0.8907 Val HD95: 10.8080 Val Acc: 0.9625 | Train Loss: 0.084683 | Time: 27.37s ETA: 0:12:55
[2025-12-28 16:05:46] >>> New run-best at epoch 21, Val mIoU=0.8169 Val Dice=0.8907 Val HD95=10.8080
[2025-12-28 16:06:13] [Epoch 22/50] Val mIoU: 0.8146 Val Dice: 0.8889 Val HD95: 12.0046 Val Acc: 0.9621 | Train Loss: 0.082413 | Time: 27.47s ETA: 0:12:29
[2025-12-28 16:06:41] [Epoch 23/50] Val mIoU: 0.8163 Val Dice: 0.8905 Val HD95: 11.9391 Val Acc: 0.9624 | Train Loss: 0.082734 | Time: 27.33s ETA: 0:12:03
[2025-12-28 16:07:08] [Epoch 24/50] Val mIoU: 0.8172 Val Dice: 0.8912 Val HD95: 9.2582 Val Acc: 0.9632 | Train Loss: 0.081694 | Time: 26.96s ETA: 0:11:36
[2025-12-28 16:07:08] >>> New run-best at epoch 24, Val mIoU=0.8172 Val Dice=0.8912 Val HD95=9.2582
[2025-12-28 16:07:35] [Epoch 25/50] Val mIoU: 0.8188 Val Dice: 0.8922 Val HD95: 9.5688 Val Acc: 0.9636 | Train Loss: 0.080987 | Time: 27.43s ETA: 0:11:10
[2025-12-28 16:07:35] >>> New run-best at epoch 25, Val mIoU=0.8188 Val Dice=0.8922 Val HD95=9.5688
[2025-12-28 16:08:03] [Epoch 26/50] Val mIoU: 0.8223 Val Dice: 0.8947 Val HD95: 10.0016 Val Acc: 0.9638 | Train Loss: 0.080968 | Time: 27.51s ETA: 0:10:44
[2025-12-28 16:08:03] >>> New run-best at epoch 26, Val mIoU=0.8223 Val Dice=0.8947 Val HD95=10.0016
[2025-12-28 16:08:31] [Epoch 27/50] Val mIoU: 0.8127 Val Dice: 0.8879 Val HD95: 9.9086 Val Acc: 0.9630 | Train Loss: 0.081679 | Time: 27.37s ETA: 0:10:17
[2025-12-28 16:08:58] [Epoch 28/50] Val mIoU: 0.8153 Val Dice: 0.8898 Val HD95: 10.6303 Val Acc: 0.9636 | Train Loss: 0.080265 | Time: 27.41s ETA: 0:09:51
[2025-12-28 16:09:25] [Epoch 29/50] Val mIoU: 0.8215 Val Dice: 0.8942 Val HD95: 9.0291 Val Acc: 0.9639 | Train Loss: 0.078539 | Time: 27.51s ETA: 0:09:24
[2025-12-28 16:09:51] [Epoch 30/50] Val mIoU: 0.8225 Val Dice: 0.8949 Val HD95: 10.0001 Val Acc: 0.9643 | Train Loss: 0.078116 | Time: 25.82s ETA: 0:08:57
[2025-12-28 16:09:51] >>> New run-best at epoch 30, Val mIoU=0.8225 Val Dice=0.8949 Val HD95=10.0001
[2025-12-28 16:10:16] [Epoch 31/50] Val mIoU: 0.8237 Val Dice: 0.8959 Val HD95: 9.6734 Val Acc: 0.9643 | Train Loss: 0.077786 | Time: 24.52s ETA: 0:08:29
[2025-12-28 16:10:16] >>> New run-best at epoch 31, Val mIoU=0.8237 Val Dice=0.8959 Val HD95=9.6734
[2025-12-28 16:10:40] [Epoch 32/50] Val mIoU: 0.8168 Val Dice: 0.8908 Val HD95: 10.1480 Val Acc: 0.9637 | Train Loss: 0.077976 | Time: 24.08s ETA: 0:08:00
[2025-12-28 16:11:04] [Epoch 33/50] Val mIoU: 0.8220 Val Dice: 0.8945 Val HD95: 8.8727 Val Acc: 0.9643 | Train Loss: 0.078293 | Time: 24.11s ETA: 0:07:32
[2025-12-28 16:11:29] [Epoch 34/50] Val mIoU: 0.8208 Val Dice: 0.8936 Val HD95: 10.0221 Val Acc: 0.9637 | Train Loss: 0.076028 | Time: 24.85s ETA: 0:07:05
[2025-12-28 16:11:54] [Epoch 35/50] Val mIoU: 0.8184 Val Dice: 0.8917 Val HD95: 11.1720 Val Acc: 0.9635 | Train Loss: 0.077044 | Time: 25.14s ETA: 0:06:38
[2025-12-28 16:12:19] [Epoch 36/50] Val mIoU: 0.8242 Val Dice: 0.8961 Val HD95: 8.5830 Val Acc: 0.9643 | Train Loss: 0.077112 | Time: 24.82s ETA: 0:06:10
[2025-12-28 16:12:19] >>> New run-best at epoch 36, Val mIoU=0.8242 Val Dice=0.8961 Val HD95=8.5830
[2025-12-28 16:12:44] [Epoch 37/50] Val mIoU: 0.8211 Val Dice: 0.8937 Val HD95: 11.3007 Val Acc: 0.9644 | Train Loss: 0.075630 | Time: 24.91s ETA: 0:05:43
[2025-12-28 16:13:09] [Epoch 38/50] Val mIoU: 0.8241 Val Dice: 0.8959 Val HD95: 9.7872 Val Acc: 0.9640 | Train Loss: 0.075073 | Time: 24.92s ETA: 0:05:16
[2025-12-28 16:13:34] [Epoch 39/50] Val mIoU: 0.8242 Val Dice: 0.8961 Val HD95: 8.6612 Val Acc: 0.9641 | Train Loss: 0.075058 | Time: 25.06s ETA: 0:04:50
[2025-12-28 16:13:59] [Epoch 40/50] Val mIoU: 0.8232 Val Dice: 0.8952 Val HD95: 9.2611 Val Acc: 0.9640 | Train Loss: 0.075183 | Time: 24.86s ETA: 0:04:23
[2025-12-28 16:14:24] [Epoch 41/50] Val mIoU: 0.8250 Val Dice: 0.8967 Val HD95: 8.6832 Val Acc: 0.9643 | Train Loss: 0.074942 | Time: 24.93s ETA: 0:03:56
[2025-12-28 16:14:24] >>> New run-best at epoch 41, Val mIoU=0.8250 Val Dice=0.8967 Val HD95=8.6832
[2025-12-28 16:14:49] [Epoch 42/50] Val mIoU: 0.8221 Val Dice: 0.8944 Val HD95: 10.3967 Val Acc: 0.9644 | Train Loss: 0.074877 | Time: 24.99s ETA: 0:03:30
[2025-12-28 16:15:14] [Epoch 43/50] Val mIoU: 0.8233 Val Dice: 0.8953 Val HD95: 9.2075 Val Acc: 0.9641 | Train Loss: 0.074158 | Time: 24.93s ETA: 0:03:03
[2025-12-28 16:15:39] [Epoch 44/50] Val mIoU: 0.8248 Val Dice: 0.8964 Val HD95: 8.8237 Val Acc: 0.9646 | Train Loss: 0.073657 | Time: 25.04s ETA: 0:02:37
[2025-12-28 16:16:04] [Epoch 45/50] Val mIoU: 0.8246 Val Dice: 0.8962 Val HD95: 8.9408 Val Acc: 0.9646 | Train Loss: 0.073505 | Time: 24.94s ETA: 0:02:10
[2025-12-28 16:16:29] [Epoch 46/50] Val mIoU: 0.8237 Val Dice: 0.8957 Val HD95: 10.0717 Val Acc: 0.9646 | Train Loss: 0.072969 | Time: 25.08s ETA: 0:01:44
[2025-12-28 16:16:54] [Epoch 47/50] Val mIoU: 0.8215 Val Dice: 0.8941 Val HD95: 10.4422 Val Acc: 0.9643 | Train Loss: 0.072625 | Time: 24.92s ETA: 0:01:18
[2025-12-28 16:17:19] [Epoch 48/50] Val mIoU: 0.8236 Val Dice: 0.8955 Val HD95: 9.9663 Val Acc: 0.9645 | Train Loss: 0.072893 | Time: 24.93s ETA: 0:00:52
[2025-12-28 16:17:44] [Epoch 49/50] Val mIoU: 0.8242 Val Dice: 0.8960 Val HD95: 10.1666 Val Acc: 0.9645 | Train Loss: 0.072769 | Time: 25.10s ETA: 0:00:26
[2025-12-28 16:18:09] [Epoch 50/50] Val mIoU: 0.8237 Val Dice: 0.8957 Val HD95: 10.0636 Val Acc: 0.9645 | Train Loss: 0.072791 | Time: 24.94s ETA: 0:00:00
[2025-12-28 16:18:09] 
======================================================================
[2025-12-28 16:18:09] 训练完成！
[2025-12-28 16:18:09] 
加载最佳模型: ../save_model_unetplusplus_scsa\checkpoints\run_best.pth
[2025-12-28 16:18:09] 最佳模型来自 Epoch 41, Val mIoU: 0.8250
[2025-12-28 16:18:09] 
======================================================================
[2025-12-28 16:18:09] 测试集评估 (使用最佳模型)
[2025-12-28 16:18:11] 
测试集结果:
[2025-12-28 16:18:11]   - Loss: 0.083385
[2025-12-28 16:18:11]   - Pixel Acc: 0.9643
[2025-12-28 16:18:11]   - mIoU: 0.8216
[2025-12-28 16:18:11]   - Dice: 0.8940
[2025-12-28 16:18:11]   - HD95: 8.2393
[2025-12-28 16:18:11] 
模型已保存:
[2025-12-28 16:18:11]   - 最佳模型: ../save_model_unetplusplus_scsa\checkpoints\run_best.pth
[2025-12-28 16:18:11]   - 最终模型: ../save_model_unetplusplus_scsa\unetpp_final.pth
