[2025-12-20 15:40:55] Namespace(base_lr=0.0001, batch_size=4, deterministic=1, early_stop_patience=15, img_dir='../dataset/image', img_size=256, mask_dir='../dataset/mask', max_epochs=50, n_gpu=1, n_skip=3, num_classes=2, save_dir='../save_model_transunet', seed=42, train_ratio=0.7, val_ratio=0.15, vit_name='R50-ViT-B_16', vit_patches_size=16, warmup_epochs=5)
[2025-12-20 15:40:55] Using device: cuda
[2025-12-20 15:40:55] 数据集划分:
[2025-12-20 15:40:55]   - 训练集: 433 (70.0%)
[2025-12-20 15:40:55]   - 验证集: 92 (14.9%)
[2025-12-20 15:40:55]   - 测试集: 94 (15.2%)
[2025-12-20 15:40:56] load_pretrained: resized variant: torch.Size([1, 197, 768]) to torch.Size([1, 256, 768])
[2025-12-20 15:43:04] Namespace(base_lr=0.0001, batch_size=4, deterministic=1, early_stop_patience=15, img_dir='../dataset/image', img_size=256, mask_dir='../dataset/mask', max_epochs=50, n_gpu=1, n_skip=3, num_classes=2, save_dir='../save_model_transunet', seed=42, train_ratio=0.7, val_ratio=0.15, vit_name='R50-ViT-B_16', vit_patches_size=16, warmup_epochs=5)
[2025-12-20 15:43:04] Using device: cuda
[2025-12-20 15:43:04] 数据集划分:
[2025-12-20 15:43:04]   - 训练集: 433 (70.0%)
[2025-12-20 15:43:04]   - 验证集: 92 (14.9%)
[2025-12-20 15:43:04]   - 测试集: 94 (15.2%)
[2025-12-20 15:43:05] load_pretrained: resized variant: torch.Size([1, 197, 768]) to torch.Size([1, 256, 768])
[2025-12-20 15:50:43] Namespace(base_lr=0.0001, batch_size=4, deterministic=1, early_stop_patience=15, img_dir='../dataset/image', img_size=256, mask_dir='../dataset/mask', max_epochs=50, n_gpu=1, n_skip=3, num_classes=2, save_dir='../save_model_transunet', seed=42, train_ratio=0.7, val_ratio=0.15, vit_name='R50-ViT-B_16', vit_patches_size=16, warmup_epochs=5)
[2025-12-20 15:50:43] Using device: cuda
[2025-12-20 15:50:43] 数据集划分:
[2025-12-20 15:50:43]   - 训练集: 433 (70.0%)
[2025-12-20 15:50:43]   - 验证集: 92 (14.9%)
[2025-12-20 15:50:43]   - 测试集: 94 (15.2%)
[2025-12-20 15:50:44] load_pretrained: resized variant: torch.Size([1, 197, 768]) to torch.Size([1, 256, 768])
[2025-12-20 15:50:44] 成功加载预训练权重: imagenet21k_R50+ViT-B_16.npz
[2025-12-20 15:50:44] 开始训练...
[2025-12-20 15:51:10] [Epoch 1/50] Val mIoU: 0.7494 Val Acc: 0.9315 Val Dice: 0.8448 | Train Loss: 0.312735 | LR: 0.000100 | Time: 25.70s ETA: 0:20:59
[2025-12-20 15:51:11] >>> New run-best at epoch 1, Val mIoU=0.7494 Val Acc=0.9315 Val Dice=0.8448
[2025-12-20 15:51:34] [Epoch 2/50] Val mIoU: 0.7654 Val Acc: 0.9543 Val Dice: 0.8535 | Train Loss: 0.158036 | LR: 0.000100 | Time: 23.59s ETA: 0:19:43
[2025-12-20 15:51:36] >>> New run-best at epoch 2, Val mIoU=0.7654 Val Acc=0.9543 Val Dice=0.8535
[2025-12-20 15:55:09] Namespace(base_lr=0.0001, batch_size=4, deterministic=1, early_stop_patience=15, img_dir='../dataset/image', img_size=256, mask_dir='../dataset/mask', max_epochs=50, n_gpu=1, n_skip=3, num_classes=2, save_dir='../save_model_transunet', seed=42, train_ratio=0.7, val_ratio=0.15, vit_name='R50-ViT-B_16', vit_patches_size=16, warmup_epochs=5)
[2025-12-20 15:55:09] Using device: cuda
[2025-12-20 15:55:09] ======================================================================
[2025-12-20 15:55:09] 加载数据集...
[2025-12-20 15:55:09] 数据集划分:
[2025-12-20 15:55:09]   - 训练集: 433 (70.0%)
[2025-12-20 15:55:09]   - 验证集: 92 (14.9%)
[2025-12-20 15:55:09]   - 测试集: 94 (15.2%)
[2025-12-20 15:55:09] ======================================================================
[2025-12-20 15:55:09] 初始化TransUNet模型...
[2025-12-20 15:55:09] load_pretrained: resized variant: torch.Size([1, 197, 768]) to torch.Size([1, 256, 768])
[2025-12-20 15:55:10] 成功加载预训练权重: imagenet21k_R50+ViT-B_16.npz
[2025-12-20 15:55:10] ======================================================================
[2025-12-20 15:55:10] 开始训练...
[2025-12-20 15:55:34] [Epoch 1/50] Val mIoU: 0.7497 Val Acc: 0.9325 Val Dice: 0.8448 | Train Loss: 0.312587 | LR: 0.000100 | Time: 23.95s ETA: 0:19:33
[2025-12-20 15:55:35] >>> New run-best at epoch 1, Val mIoU=0.7497 Val Acc=0.9325 Val Dice=0.8448
[2025-12-20 15:56:02] [Epoch 2/50] Val mIoU: 0.7987 Val Acc: 0.9593 Val Dice: 0.8791 | Train Loss: 0.158721 | LR: 0.000100 | Time: 26.97s ETA: 0:20:22
[2025-12-20 15:56:03] >>> New run-best at epoch 2, Val mIoU=0.7987 Val Acc=0.9593 Val Dice=0.8791
[2025-12-20 15:56:32] [Epoch 3/50] Val mIoU: 0.7983 Val Acc: 0.9584 Val Dice: 0.8789 | Train Loss: 0.120800 | LR: 0.000099 | Time: 28.99s ETA: 0:20:51
[2025-12-20 15:57:01] [Epoch 4/50] Val mIoU: 0.7992 Val Acc: 0.9570 Val Dice: 0.8799 | Train Loss: 0.107293 | LR: 0.000098 | Time: 28.23s ETA: 0:20:43
[2025-12-20 15:57:03] >>> New run-best at epoch 4, Val mIoU=0.7992 Val Acc=0.9570 Val Dice=0.8799
[2025-12-20 15:57:31] [Epoch 5/50] Val mIoU: 0.7875 Val Acc: 0.9586 Val Dice: 0.8708 | Train Loss: 0.100564 | LR: 0.000098 | Time: 28.19s ETA: 0:20:27
[2025-12-20 15:57:59] [Epoch 6/50] Val mIoU: 0.8114 Val Acc: 0.9618 Val Dice: 0.8881 | Train Loss: 0.093822 | LR: 0.000097 | Time: 28.22s ETA: 0:20:06
[2025-12-20 15:58:01] >>> New run-best at epoch 6, Val mIoU=0.8114 Val Acc=0.9618 Val Dice=0.8881
[2025-12-20 15:58:29] [Epoch 7/50] Val mIoU: 0.8030 Val Acc: 0.9550 Val Dice: 0.8829 | Train Loss: 0.089173 | LR: 0.000095 | Time: 28.34s ETA: 0:19:44
[2025-12-20 15:58:54] [Epoch 8/50] Val mIoU: 0.8013 Val Acc: 0.9562 Val Dice: 0.8814 | Train Loss: 0.086541 | LR: 0.000094 | Time: 24.65s ETA: 0:19:02
[2025-12-20 15:59:17] [Epoch 9/50] Val mIoU: 0.6410 Val Acc: 0.9339 Val Dice: 0.7400 | Train Loss: 0.087410 | LR: 0.000092 | Time: 23.33s ETA: 0:18:17
[2025-12-20 15:59:40] [Epoch 10/50] Val mIoU: 0.8128 Val Acc: 0.9628 Val Dice: 0.8891 | Train Loss: 0.084632 | LR: 0.000091 | Time: 23.36s ETA: 0:17:36
[2025-12-20 15:59:41] >>> New run-best at epoch 10, Val mIoU=0.8128 Val Acc=0.9628 Val Dice=0.8891
[2025-12-20 16:00:05] [Epoch 11/50] Val mIoU: 0.8160 Val Acc: 0.9605 Val Dice: 0.8917 | Train Loss: 0.084971 | LR: 0.000089 | Time: 23.51s ETA: 0:17:00
[2025-12-20 16:00:06] >>> New run-best at epoch 11, Val mIoU=0.8160 Val Acc=0.9605 Val Dice=0.8917
[2025-12-20 16:00:29] [Epoch 12/50] Val mIoU: 0.8219 Val Acc: 0.9620 Val Dice: 0.8958 | Train Loss: 0.084572 | LR: 0.000087 | Time: 23.44s ETA: 0:16:25
[2025-12-20 16:00:31] >>> New run-best at epoch 12, Val mIoU=0.8219 Val Acc=0.9620 Val Dice=0.8958
[2025-12-20 16:00:54] [Epoch 13/50] Val mIoU: 0.8204 Val Acc: 0.9625 Val Dice: 0.8946 | Train Loss: 0.082025 | LR: 0.000084 | Time: 23.42s ETA: 0:15:52
[2025-12-20 16:01:18] [Epoch 14/50] Val mIoU: 0.8197 Val Acc: 0.9611 Val Dice: 0.8943 | Train Loss: 0.081037 | LR: 0.000082 | Time: 23.64s ETA: 0:15:21
[2025-12-20 16:01:41] [Epoch 15/50] Val mIoU: 0.8216 Val Acc: 0.9616 Val Dice: 0.8956 | Train Loss: 0.081147 | LR: 0.000080 | Time: 23.72s ETA: 0:14:51
[2025-12-20 16:02:05] [Epoch 16/50] Val mIoU: 0.8139 Val Acc: 0.9623 Val Dice: 0.8900 | Train Loss: 0.079923 | LR: 0.000077 | Time: 23.42s ETA: 0:14:21
[2025-12-20 16:02:28] [Epoch 17/50] Val mIoU: 0.8248 Val Acc: 0.9633 Val Dice: 0.8976 | Train Loss: 0.082025 | LR: 0.000074 | Time: 23.39s ETA: 0:13:52
[2025-12-20 16:02:29] >>> New run-best at epoch 17, Val mIoU=0.8248 Val Acc=0.9633 Val Dice=0.8976
[2025-12-20 16:02:53] [Epoch 18/50] Val mIoU: 0.8239 Val Acc: 0.9620 Val Dice: 0.8972 | Train Loss: 0.078265 | LR: 0.000072 | Time: 23.36s ETA: 0:13:23
[2025-12-20 16:03:16] [Epoch 19/50] Val mIoU: 0.8282 Val Acc: 0.9635 Val Dice: 0.9000 | Train Loss: 0.077415 | LR: 0.000069 | Time: 23.50s ETA: 0:12:56
[2025-12-20 16:03:17] >>> New run-best at epoch 19, Val mIoU=0.8282 Val Acc=0.9635 Val Dice=0.9000
[2025-12-20 16:03:41] [Epoch 20/50] Val mIoU: 0.8261 Val Acc: 0.9647 Val Dice: 0.8985 | Train Loss: 0.076670 | LR: 0.000066 | Time: 23.96s ETA: 0:12:29
[2025-12-20 16:04:05] [Epoch 21/50] Val mIoU: 0.8238 Val Acc: 0.9633 Val Dice: 0.8970 | Train Loss: 0.077145 | LR: 0.000063 | Time: 24.28s ETA: 0:12:03
[2025-12-20 16:04:29] [Epoch 22/50] Val mIoU: 0.8274 Val Acc: 0.9639 Val Dice: 0.8994 | Train Loss: 0.075353 | LR: 0.000060 | Time: 24.03s ETA: 0:11:37
[2025-12-20 16:04:54] [Epoch 23/50] Val mIoU: 0.8205 Val Acc: 0.9601 Val Dice: 0.8950 | Train Loss: 0.075994 | LR: 0.000057 | Time: 24.46s ETA: 0:11:11
[2025-12-20 16:05:17] [Epoch 24/50] Val mIoU: 0.8270 Val Acc: 0.9629 Val Dice: 0.8993 | Train Loss: 0.074855 | LR: 0.000054 | Time: 23.50s ETA: 0:10:45
[2025-12-20 16:05:41] [Epoch 25/50] Val mIoU: 0.8245 Val Acc: 0.9641 Val Dice: 0.8973 | Train Loss: 0.074313 | LR: 0.000050 | Time: 23.49s ETA: 0:10:19
[2025-12-20 16:06:05] [Epoch 26/50] Val mIoU: 0.8277 Val Acc: 0.9650 Val Dice: 0.8996 | Train Loss: 0.073855 | LR: 0.000047 | Time: 23.72s ETA: 0:09:53
[2025-12-20 16:06:28] [Epoch 27/50] Val mIoU: 0.8282 Val Acc: 0.9635 Val Dice: 0.9000 | Train Loss: 0.072374 | LR: 0.000044 | Time: 23.25s ETA: 0:09:27
[2025-12-20 16:06:51] [Epoch 28/50] Val mIoU: 0.8284 Val Acc: 0.9650 Val Dice: 0.9000 | Train Loss: 0.071699 | LR: 0.000041 | Time: 23.33s ETA: 0:09:01
[2025-12-20 16:06:52] >>> New run-best at epoch 28, Val mIoU=0.8284 Val Acc=0.9650 Val Dice=0.9000
[2025-12-20 16:07:16] [Epoch 29/50] Val mIoU: 0.8306 Val Acc: 0.9648 Val Dice: 0.9016 | Train Loss: 0.070960 | LR: 0.000038 | Time: 23.30s ETA: 0:08:36
[2025-12-20 16:07:17] >>> New run-best at epoch 29, Val mIoU=0.8306 Val Acc=0.9648 Val Dice=0.9016
[2025-12-20 16:07:40] [Epoch 30/50] Val mIoU: 0.8276 Val Acc: 0.9651 Val Dice: 0.8995 | Train Loss: 0.071340 | LR: 0.000035 | Time: 23.30s ETA: 0:08:10
[2025-12-20 16:08:03] [Epoch 31/50] Val mIoU: 0.8297 Val Acc: 0.9642 Val Dice: 0.9010 | Train Loss: 0.071293 | LR: 0.000032 | Time: 23.30s ETA: 0:07:45
[2025-12-20 16:08:30] [Epoch 32/50] Val mIoU: 0.8284 Val Acc: 0.9638 Val Dice: 0.9002 | Train Loss: 0.069829 | LR: 0.000029 | Time: 26.71s ETA: 0:07:22
[2025-12-20 16:08:55] [Epoch 33/50] Val mIoU: 0.8273 Val Acc: 0.9644 Val Dice: 0.8993 | Train Loss: 0.068335 | LR: 0.000027 | Time: 24.74s ETA: 0:06:57
[2025-12-20 16:09:18] [Epoch 34/50] Val mIoU: 0.8305 Val Acc: 0.9651 Val Dice: 0.9015 | Train Loss: 0.069444 | LR: 0.000024 | Time: 23.55s ETA: 0:06:32
[2025-12-20 16:09:42] [Epoch 35/50] Val mIoU: 0.8280 Val Acc: 0.9645 Val Dice: 0.8998 | Train Loss: 0.068459 | LR: 0.000021 | Time: 23.53s ETA: 0:06:07
[2025-12-20 16:10:05] [Epoch 36/50] Val mIoU: 0.8275 Val Acc: 0.9651 Val Dice: 0.8994 | Train Loss: 0.067309 | LR: 0.000019 | Time: 23.58s ETA: 0:05:42
[2025-12-20 16:10:29] [Epoch 37/50] Val mIoU: 0.8309 Val Acc: 0.9649 Val Dice: 0.9018 | Train Loss: 0.067103 | LR: 0.000017 | Time: 23.62s ETA: 0:05:18
[2025-12-20 16:10:30] >>> New run-best at epoch 37, Val mIoU=0.8309 Val Acc=0.9649 Val Dice=0.9018
[2025-12-20 16:10:57] [Epoch 38/50] Val mIoU: 0.8326 Val Acc: 0.9654 Val Dice: 0.9029 | Train Loss: 0.066336 | LR: 0.000014 | Time: 26.54s ETA: 0:04:54
[2025-12-20 16:10:58] >>> New run-best at epoch 38, Val mIoU=0.8326 Val Acc=0.9654 Val Dice=0.9029
[2025-12-20 16:11:24] [Epoch 39/50] Val mIoU: 0.8310 Val Acc: 0.9655 Val Dice: 0.9018 | Train Loss: 0.067063 | LR: 0.000012 | Time: 26.14s ETA: 0:04:30
[2025-12-20 16:11:49] [Epoch 40/50] Val mIoU: 0.8321 Val Acc: 0.9651 Val Dice: 0.9026 | Train Loss: 0.065650 | LR: 0.000010 | Time: 24.33s ETA: 0:04:05
[2025-12-20 16:12:13] [Epoch 41/50] Val mIoU: 0.8318 Val Acc: 0.9651 Val Dice: 0.9025 | Train Loss: 0.065104 | LR: 0.000009 | Time: 24.08s ETA: 0:03:40
[2025-12-20 16:12:37] [Epoch 42/50] Val mIoU: 0.8301 Val Acc: 0.9656 Val Dice: 0.9012 | Train Loss: 0.064404 | LR: 0.000007 | Time: 24.11s ETA: 0:03:16
[2025-12-20 16:13:01] [Epoch 43/50] Val mIoU: 0.8326 Val Acc: 0.9653 Val Dice: 0.9030 | Train Loss: 0.064829 | LR: 0.000006 | Time: 23.95s ETA: 0:02:51
[2025-12-20 16:13:02] >>> New run-best at epoch 43, Val mIoU=0.8326 Val Acc=0.9653 Val Dice=0.9030
[2025-12-20 16:13:26] [Epoch 44/50] Val mIoU: 0.8327 Val Acc: 0.9652 Val Dice: 0.9031 | Train Loss: 0.064182 | LR: 0.000004 | Time: 24.42s ETA: 0:02:27
[2025-12-20 16:13:27] >>> New run-best at epoch 44, Val mIoU=0.8327 Val Acc=0.9652 Val Dice=0.9031
[2025-12-20 16:13:51] [Epoch 45/50] Val mIoU: 0.8334 Val Acc: 0.9653 Val Dice: 0.9035 | Train Loss: 0.063674 | LR: 0.000003 | Time: 23.74s ETA: 0:02:02
[2025-12-20 16:13:52] >>> New run-best at epoch 45, Val mIoU=0.8334 Val Acc=0.9653 Val Dice=0.9035
[2025-12-20 16:14:16] [Epoch 46/50] Val mIoU: 0.8330 Val Acc: 0.9653 Val Dice: 0.9032 | Train Loss: 0.063762 | LR: 0.000003 | Time: 23.80s ETA: 0:01:37
[2025-12-20 16:14:40] [Epoch 47/50] Val mIoU: 0.8331 Val Acc: 0.9657 Val Dice: 0.9033 | Train Loss: 0.063157 | LR: 0.000002 | Time: 24.06s ETA: 0:01:13
[2025-12-20 16:15:03] [Epoch 48/50] Val mIoU: 0.8331 Val Acc: 0.9655 Val Dice: 0.9033 | Train Loss: 0.063306 | LR: 0.000001 | Time: 23.27s ETA: 0:00:48
[2025-12-20 16:15:27] [Epoch 49/50] Val mIoU: 0.8330 Val Acc: 0.9656 Val Dice: 0.9032 | Train Loss: 0.062905 | LR: 0.000001 | Time: 23.44s ETA: 0:00:24
[2025-12-20 16:15:50] [Epoch 50/50] Val mIoU: 0.8329 Val Acc: 0.9654 Val Dice: 0.9032 | Train Loss: 0.062878 | LR: 0.000001 | Time: 23.44s ETA: 0:00:00
[2025-12-20 16:15:50] 
======================================================================
[2025-12-20 16:15:50] 训练完成！
[2025-12-20 16:15:50] 
加载最佳模型: ../save_model_transunet\checkpoints\run_best.pth
[2025-12-20 16:15:51] 最佳模型来自 Epoch 45, Val mIoU: 0.8334
[2025-12-20 16:15:51] 
======================================================================
[2025-12-20 16:15:51] 测试集评估 (使用最佳模型)
[2025-12-20 16:15:52] 
测试集结果:
[2025-12-20 16:15:52]   - Loss: 0.083181
[2025-12-20 16:15:52]   - Pixel Acc: 0.9652
[2025-12-20 16:15:52]   - mIoU: 0.8247
[2025-12-20 16:15:52]   - Dice: 0.8973
[2025-12-20 16:15:52] 
模型已保存:
[2025-12-20 16:15:52]   - 最佳模型: ../save_model_transunet\checkpoints\run_best.pth
[2025-12-20 16:15:52]   - 最终模型: ../save_model_transunet\transunet_final.pth
[2025-12-21 14:26:34] Namespace(base_lr=0.0001, batch_size=4, deterministic=1, early_stop_patience=15, img_dir='../dataset/image', img_size=256, mask_dir='../dataset/mask', max_epochs=50, n_gpu=1, n_skip=3, num_classes=2, save_dir='../save_model_transunet', seed=42, train_ratio=0.7, val_ratio=0.15, vit_name='R50-ViT-B_16', vit_patches_size=16, warmup_epochs=5)
[2025-12-21 14:26:34] Using device: cuda
[2025-12-21 14:26:34] ======================================================================
[2025-12-21 14:26:34] 加载数据集...
[2025-12-21 14:26:34] 数据集划分:
[2025-12-21 14:26:34]   - 训练集: 433 (70.0%)
[2025-12-21 14:26:34]   - 验证集: 92 (14.9%)
[2025-12-21 14:26:34]   - 测试集: 94 (15.2%)
[2025-12-21 14:26:34] ======================================================================
[2025-12-21 14:26:34] 初始化TransUNet模型...
[2025-12-21 14:26:35] load_pretrained: resized variant: torch.Size([1, 197, 768]) to torch.Size([1, 256, 768])
[2025-12-21 14:26:36] 成功加载预训练权重: imagenet21k_R50+ViT-B_16.npz
[2025-12-21 14:26:36] ======================================================================
[2025-12-21 14:26:36] 开始训练...
[2025-12-21 14:27:03] [Epoch 1/50] Val mIoU: 0.7413 Dice: 0.8389 F1: 0.8389 HD95: 295.26 | Train Loss: 0.316536 | LR: 0.000100 | Time: 27.01s ETA: 0:22:03
[2025-12-21 14:27:04] >>> New run-best at epoch 1, Val mIoU=0.7413 Dice=0.8389 F1=0.8389 HD95=295.26
[2025-12-21 14:27:33] [Epoch 2/50] Val mIoU: 0.7957 Dice: 0.8769 F1: 0.8769 HD95: 293.40 | Train Loss: 0.157144 | LR: 0.000100 | Time: 28.53s ETA: 0:22:12
[2025-12-21 14:27:35] >>> New run-best at epoch 2, Val mIoU=0.7957 Dice=0.8769 F1=0.8769 HD95=293.40
[2025-12-21 14:28:01] [Epoch 3/50] Val mIoU: 0.7785 Dice: 0.8644 F1: 0.8644 HD95: 298.66 | Train Loss: 0.120097 | LR: 0.000099 | Time: 26.53s ETA: 0:21:25
[2025-12-21 14:28:59] Namespace(base_lr=0.0001, batch_size=4, deterministic=1, early_stop_patience=15, img_dir='../dataset/image', img_size=256, mask_dir='../dataset/mask', max_epochs=50, n_gpu=1, n_skip=3, num_classes=2, save_dir='../save_model_transunet', seed=42, train_ratio=0.7, val_ratio=0.15, vit_name='R50-ViT-B_16', vit_patches_size=16, warmup_epochs=5)
[2025-12-21 14:28:59] Using device: cuda
[2025-12-21 14:28:59] ======================================================================
[2025-12-21 14:28:59] 加载数据集...
[2025-12-21 14:28:59] 数据集划分:
[2025-12-21 14:28:59]   - 训练集: 433 (70.0%)
[2025-12-21 14:28:59]   - 验证集: 92 (14.9%)
[2025-12-21 14:28:59]   - 测试集: 94 (15.2%)
[2025-12-21 14:28:59] ======================================================================
[2025-12-21 14:28:59] 初始化TransUNet模型...
[2025-12-21 14:29:00] load_pretrained: resized variant: torch.Size([1, 197, 768]) to torch.Size([1, 256, 768])
[2025-12-21 14:29:00] 成功加载预训练权重: imagenet21k_R50+ViT-B_16.npz
[2025-12-21 14:29:00] ======================================================================
[2025-12-21 14:29:00] 开始训练...
[2025-12-21 14:29:30] [Epoch 1/50] Val mIoU: 0.7639 Dice: 0.8553 F1: 0.8553 HD95: 292.85 | Train Loss: 0.313139 | LR: 0.000100 | Time: 29.68s ETA: 0:24:14
[2025-12-21 14:29:32] >>> New run-best at epoch 1, Val mIoU=0.7639 Dice=0.8553 F1=0.8553 HD95=292.85
[2025-12-21 14:30:01] [Epoch 2/50] Val mIoU: 0.7983 Dice: 0.8788 F1: 0.8788 HD95: 292.68 | Train Loss: 0.158453 | LR: 0.000100 | Time: 29.31s ETA: 0:23:35
[2025-12-21 14:30:03] >>> New run-best at epoch 2, Val mIoU=0.7983 Dice=0.8788 F1=0.8788 HD95=292.68
[2025-12-21 14:30:32] [Epoch 3/50] Val mIoU: 0.7812 Dice: 0.8662 F1: 0.8662 HD95: 296.99 | Train Loss: 0.121197 | LR: 0.000099 | Time: 29.42s ETA: 0:23:05
[2025-12-21 14:31:01] [Epoch 4/50] Val mIoU: 0.7946 Dice: 0.8761 F1: 0.8761 HD95: 293.72 | Train Loss: 0.107560 | LR: 0.000098 | Time: 29.20s ETA: 0:22:32
[2025-12-21 14:31:31] [Epoch 5/50] Val mIoU: 0.7871 Dice: 0.8705 F1: 0.8705 HD95: 295.94 | Train Loss: 0.099388 | LR: 0.000098 | Time: 29.30s ETA: 0:22:02
[2025-12-21 14:32:00] [Epoch 6/50] Val mIoU: 0.7749 Dice: 0.8613 F1: 0.8613 HD95: 294.22 | Train Loss: 0.092893 | LR: 0.000097 | Time: 29.37s ETA: 0:21:32
[2025-12-21 14:32:29] [Epoch 7/50] Val mIoU: 0.7691 Dice: 0.8578 F1: 0.8578 HD95: 302.79 | Train Loss: 0.091249 | LR: 0.000095 | Time: 29.34s ETA: 0:21:03
[2025-12-21 14:32:58] [Epoch 8/50] Val mIoU: 0.8172 Dice: 0.8925 F1: 0.8925 HD95: 293.91 | Train Loss: 0.087567 | LR: 0.000094 | Time: 29.15s ETA: 0:20:32
[2025-12-21 14:33:00] >>> New run-best at epoch 8, Val mIoU=0.8172 Dice=0.8925 F1=0.8925 HD95=293.91
[2025-12-21 14:33:29] [Epoch 9/50] Val mIoU: 0.8029 Dice: 0.8818 F1: 0.8818 HD95: 291.96 | Train Loss: 0.086696 | LR: 0.000092 | Time: 29.13s ETA: 0:20:02
[2025-12-21 14:33:58] [Epoch 10/50] Val mIoU: 0.8010 Dice: 0.8814 F1: 0.8814 HD95: 300.12 | Train Loss: 0.085365 | LR: 0.000091 | Time: 28.64s ETA: 0:19:30
[2025-12-21 14:34:27] [Epoch 11/50] Val mIoU: 0.8191 Dice: 0.8940 F1: 0.8940 HD95: 296.27 | Train Loss: 0.084786 | LR: 0.000089 | Time: 28.94s ETA: 0:18:59
[2025-12-21 14:34:28] >>> New run-best at epoch 11, Val mIoU=0.8191 Dice=0.8940 F1=0.8940 HD95=296.27
[2025-12-21 14:34:57] [Epoch 12/50] Val mIoU: 0.8149 Dice: 0.8907 F1: 0.8907 HD95: 295.54 | Train Loss: 0.084824 | LR: 0.000087 | Time: 28.76s ETA: 0:18:29
[2025-12-21 14:35:26] [Epoch 13/50] Val mIoU: 0.8162 Dice: 0.8918 F1: 0.8918 HD95: 296.93 | Train Loss: 0.082007 | LR: 0.000084 | Time: 28.36s ETA: 0:17:57
[2025-12-21 14:35:54] [Epoch 14/50] Val mIoU: 0.8014 Dice: 0.8818 F1: 0.8818 HD95: 296.11 | Train Loss: 0.080827 | LR: 0.000082 | Time: 28.47s ETA: 0:17:26
[2025-12-21 14:36:23] [Epoch 15/50] Val mIoU: 0.8219 Dice: 0.8958 F1: 0.8958 HD95: 296.52 | Train Loss: 0.080466 | LR: 0.000080 | Time: 28.56s ETA: 0:16:56
[2025-12-21 14:36:26] >>> New run-best at epoch 15, Val mIoU=0.8219 Dice=0.8958 F1=0.8958 HD95=296.52
[2025-12-21 14:36:54] [Epoch 16/50] Val mIoU: 0.8126 Dice: 0.8890 F1: 0.8890 HD95: 295.10 | Train Loss: 0.079140 | LR: 0.000077 | Time: 28.48s ETA: 0:16:26
[2025-12-21 14:37:23] [Epoch 17/50] Val mIoU: 0.8235 Dice: 0.8967 F1: 0.8967 HD95: 295.41 | Train Loss: 0.080941 | LR: 0.000074 | Time: 28.75s ETA: 0:15:56
[2025-12-21 14:37:24] >>> New run-best at epoch 17, Val mIoU=0.8235 Dice=0.8967 F1=0.8967 HD95=295.41
[2025-12-21 14:37:54] [Epoch 18/50] Val mIoU: 0.8219 Dice: 0.8957 F1: 0.8957 HD95: 295.00 | Train Loss: 0.078076 | LR: 0.000072 | Time: 29.13s ETA: 0:15:27
[2025-12-21 14:38:18] [Epoch 19/50] Val mIoU: 0.8265 Dice: 0.8988 F1: 0.8988 HD95: 294.75 | Train Loss: 0.077231 | LR: 0.000069 | Time: 24.06s ETA: 0:14:50
[2025-12-21 14:38:19] >>> New run-best at epoch 19, Val mIoU=0.8265 Dice=0.8988 F1=0.8988 HD95=294.75
[2025-12-21 14:38:42] [Epoch 20/50] Val mIoU: 0.8228 Dice: 0.8963 F1: 0.8963 HD95: 297.04 | Train Loss: 0.077082 | LR: 0.000066 | Time: 23.81s ETA: 0:14:14
[2025-12-21 14:39:06] [Epoch 21/50] Val mIoU: 0.8222 Dice: 0.8958 F1: 0.8958 HD95: 294.91 | Train Loss: 0.075939 | LR: 0.000063 | Time: 23.89s ETA: 0:13:39
[2025-12-21 14:39:30] [Epoch 22/50] Val mIoU: 0.8272 Dice: 0.8994 F1: 0.8994 HD95: 295.08 | Train Loss: 0.075083 | LR: 0.000060 | Time: 23.94s ETA: 0:13:06
[2025-12-21 14:39:31] >>> New run-best at epoch 22, Val mIoU=0.8272 Dice=0.8994 F1=0.8994 HD95=295.08
[2025-12-21 14:39:56] [Epoch 23/50] Val mIoU: 0.8182 Dice: 0.8934 F1: 0.8934 HD95: 296.49 | Train Loss: 0.076178 | LR: 0.000057 | Time: 24.34s ETA: 0:12:33
[2025-12-21 14:40:20] [Epoch 24/50] Val mIoU: 0.8219 Dice: 0.8956 F1: 0.8956 HD95: 293.78 | Train Loss: 0.074960 | LR: 0.000054 | Time: 24.53s ETA: 0:12:02
[2025-12-21 14:40:44] [Epoch 25/50] Val mIoU: 0.8226 Dice: 0.8959 F1: 0.8959 HD95: 292.54 | Train Loss: 0.074161 | LR: 0.000050 | Time: 23.97s ETA: 0:11:30
[2025-12-21 14:41:08] [Epoch 26/50] Val mIoU: 0.8232 Dice: 0.8964 F1: 0.8964 HD95: 295.05 | Train Loss: 0.073545 | LR: 0.000047 | Time: 23.93s ETA: 0:10:59
[2025-12-21 14:41:32] [Epoch 27/50] Val mIoU: 0.8271 Dice: 0.8992 F1: 0.8992 HD95: 295.21 | Train Loss: 0.072542 | LR: 0.000044 | Time: 24.11s ETA: 0:10:29
[2025-12-21 14:41:56] [Epoch 28/50] Val mIoU: 0.8243 Dice: 0.8972 F1: 0.8972 HD95: 294.64 | Train Loss: 0.071278 | LR: 0.000041 | Time: 23.73s ETA: 0:09:58
[2025-12-21 14:42:20] [Epoch 29/50] Val mIoU: 0.8302 Dice: 0.9013 F1: 0.9013 HD95: 295.00 | Train Loss: 0.071349 | LR: 0.000038 | Time: 24.04s ETA: 0:09:29
[2025-12-21 14:42:21] >>> New run-best at epoch 29, Val mIoU=0.8302 Dice=0.9013 F1=0.9013 HD95=295.00
[2025-12-21 14:42:46] [Epoch 30/50] Val mIoU: 0.8280 Dice: 0.8997 F1: 0.8997 HD95: 294.05 | Train Loss: 0.071836 | LR: 0.000035 | Time: 25.43s ETA: 0:09:01
[2025-12-21 14:43:11] [Epoch 31/50] Val mIoU: 0.8304 Dice: 0.9014 F1: 0.9014 HD95: 294.41 | Train Loss: 0.071413 | LR: 0.000032 | Time: 24.70s ETA: 0:08:32
[2025-12-21 14:43:12] >>> New run-best at epoch 31, Val mIoU=0.8304 Dice=0.9014 F1=0.9014 HD95=294.41
[2025-12-21 14:43:36] [Epoch 32/50] Val mIoU: 0.8288 Dice: 0.9004 F1: 0.9004 HD95: 293.90 | Train Loss: 0.070366 | LR: 0.000029 | Time: 23.83s ETA: 0:08:03
[2025-12-21 14:44:00] [Epoch 33/50] Val mIoU: 0.8256 Dice: 0.8982 F1: 0.8982 HD95: 293.91 | Train Loss: 0.068874 | LR: 0.000027 | Time: 23.91s ETA: 0:07:35
[2025-12-21 14:44:24] [Epoch 34/50] Val mIoU: 0.8313 Dice: 0.9021 F1: 0.9021 HD95: 294.38 | Train Loss: 0.069671 | LR: 0.000024 | Time: 23.88s ETA: 0:07:07
[2025-12-21 14:44:25] >>> New run-best at epoch 34, Val mIoU=0.8313 Dice=0.9021 F1=0.9021 HD95=294.38
[2025-12-21 14:44:49] [Epoch 35/50] Val mIoU: 0.8262 Dice: 0.8986 F1: 0.8986 HD95: 293.89 | Train Loss: 0.068679 | LR: 0.000021 | Time: 23.82s ETA: 0:06:39
[2025-12-21 14:45:13] [Epoch 36/50] Val mIoU: 0.8274 Dice: 0.8993 F1: 0.8993 HD95: 293.55 | Train Loss: 0.067314 | LR: 0.000019 | Time: 23.88s ETA: 0:06:11
[2025-12-21 14:45:36] [Epoch 37/50] Val mIoU: 0.8290 Dice: 0.9005 F1: 0.9005 HD95: 293.60 | Train Loss: 0.067197 | LR: 0.000017 | Time: 23.71s ETA: 0:05:44
[2025-12-21 14:46:00] [Epoch 38/50] Val mIoU: 0.8308 Dice: 0.9017 F1: 0.9017 HD95: 293.90 | Train Loss: 0.066668 | LR: 0.000014 | Time: 23.60s ETA: 0:05:16
[2025-12-21 14:46:24] [Epoch 39/50] Val mIoU: 0.8274 Dice: 0.8993 F1: 0.8993 HD95: 293.33 | Train Loss: 0.066798 | LR: 0.000012 | Time: 23.69s ETA: 0:04:49
[2025-12-21 14:46:47] [Epoch 40/50] Val mIoU: 0.8305 Dice: 0.9015 F1: 0.9015 HD95: 294.40 | Train Loss: 0.066233 | LR: 0.000010 | Time: 23.72s ETA: 0:04:22
[2025-12-21 14:47:11] [Epoch 41/50] Val mIoU: 0.8274 Dice: 0.8994 F1: 0.8994 HD95: 293.61 | Train Loss: 0.065457 | LR: 0.000009 | Time: 23.86s ETA: 0:03:55
[2025-12-21 14:47:35] [Epoch 42/50] Val mIoU: 0.8266 Dice: 0.8988 F1: 0.8988 HD95: 293.32 | Train Loss: 0.064868 | LR: 0.000007 | Time: 23.86s ETA: 0:03:29
[2025-12-21 14:48:00] [Epoch 43/50] Val mIoU: 0.8280 Dice: 0.8998 F1: 0.8998 HD95: 294.46 | Train Loss: 0.064651 | LR: 0.000006 | Time: 24.95s ETA: 0:03:02
[2025-12-21 14:48:24] [Epoch 44/50] Val mIoU: 0.8303 Dice: 0.9013 F1: 0.9013 HD95: 294.42 | Train Loss: 0.064230 | LR: 0.000004 | Time: 24.51s ETA: 0:02:36
[2025-12-21 14:48:49] [Epoch 45/50] Val mIoU: 0.8290 Dice: 0.9005 F1: 0.9005 HD95: 294.00 | Train Loss: 0.063883 | LR: 0.000003 | Time: 24.18s ETA: 0:02:10
[2025-12-21 14:49:13] [Epoch 46/50] Val mIoU: 0.8285 Dice: 0.9001 F1: 0.9001 HD95: 293.17 | Train Loss: 0.064076 | LR: 0.000003 | Time: 24.54s ETA: 0:01:44
[2025-12-21 14:49:38] [Epoch 47/50] Val mIoU: 0.8295 Dice: 0.9008 F1: 0.9008 HD95: 293.19 | Train Loss: 0.063616 | LR: 0.000002 | Time: 24.70s ETA: 0:01:17
[2025-12-21 14:50:03] [Epoch 48/50] Val mIoU: 0.8300 Dice: 0.9011 F1: 0.9011 HD95: 293.27 | Train Loss: 0.063770 | LR: 0.000001 | Time: 24.66s ETA: 0:00:51
[2025-12-21 14:50:27] [Epoch 49/50] Val mIoU: 0.8300 Dice: 0.9012 F1: 0.9012 HD95: 293.35 | Train Loss: 0.063222 | LR: 0.000001 | Time: 24.93s ETA: 0:00:25
[2025-12-21 14:50:27] 
======================================================================
[2025-12-21 14:50:27] 训练完成！
[2025-12-21 14:50:27] 
加载最佳模型: ../save_model_transunet\checkpoints\run_best.pth
[2025-12-21 14:50:28] 最佳模型来自 Epoch 34, Val mIoU: 0.8313
[2025-12-21 14:50:28] 
======================================================================
[2025-12-21 14:50:28] 测试集评估 (使用最佳模型)
[2025-12-21 14:50:30] 
测试集结果:
[2025-12-21 14:50:30]   - Loss: 0.081963
[2025-12-21 14:50:30]   - Pixel Acc: 0.9649
[2025-12-21 14:50:30]   - mIoU: 0.8247
[2025-12-21 14:50:30]   - Dice: 0.8973
[2025-12-21 14:50:30]   - F1 Score: 0.8973
[2025-12-21 14:50:30]   - HD95: 290.21
[2025-12-21 14:50:30] 
模型已保存:
[2025-12-21 14:50:30]   - 最佳模型: ../save_model_transunet\checkpoints\run_best.pth
[2025-12-21 14:50:30]   - 最终模型: ../save_model_transunet\transunet_final.pth
[2025-12-21 16:16:01] Namespace(base_lr=0.0001, batch_size=4, deterministic=1, early_stop_patience=15, img_dir='../dataset/image', img_size=256, mask_dir='../dataset/mask', max_epochs=50, n_gpu=1, n_skip=3, num_classes=2, save_dir='../save_model_transunet', seed=42, train_ratio=0.7, val_ratio=0.15, vit_name='R50-ViT-B_16', vit_patches_size=16, warmup_epochs=5)
[2025-12-21 16:16:01] Using device: cuda
[2025-12-21 16:16:01] ======================================================================
[2025-12-21 16:16:01] 加载数据集...
[2025-12-21 16:16:01] 数据集划分:
[2025-12-21 16:16:01]   - 训练集: 433 (70.0%)
[2025-12-21 16:16:01]   - 验证集: 92 (14.9%)
[2025-12-21 16:16:01]   - 测试集: 94 (15.2%)
[2025-12-21 16:16:01] ======================================================================
[2025-12-21 16:16:01] 初始化TransUNet模型...
[2025-12-21 16:16:02] load_pretrained: resized variant: torch.Size([1, 197, 768]) to torch.Size([1, 256, 768])
[2025-12-21 16:16:03] 成功加载预训练权重: imagenet21k_R50+ViT-B_16.npz
[2025-12-21 16:16:03] ======================================================================
[2025-12-21 16:16:03] 开始训练...
[2025-12-21 16:16:33] [Epoch 1/50] Val mIoU: 0.7365 Dice: 0.8351 F1: 0.8351 HD95: 303.10 | Train Loss: 0.314268 | LR: 0.000100 | Time: 30.57s ETA: 0:24:57
[2025-12-21 16:16:34] >>> New run-best at epoch 1, Val mIoU=0.7365 Dice=0.8351 F1=0.8351 HD95=303.10
[2025-12-21 16:16:59] [Epoch 2/50] Val mIoU: 0.7948 Dice: 0.8762 F1: 0.8762 HD95: 296.35 | Train Loss: 0.157644 | LR: 0.000100 | Time: 24.85s ETA: 0:22:10
[2025-12-21 16:17:00] >>> New run-best at epoch 2, Val mIoU=0.7948 Dice=0.8762 F1=0.8762 HD95=296.35
[2025-12-21 16:17:25] [Epoch 3/50] Val mIoU: 0.7998 Dice: 0.8799 F1: 0.8799 HD95: 296.97 | Train Loss: 0.121012 | LR: 0.000099 | Time: 24.83s ETA: 0:20:57
[2025-12-21 16:17:26] >>> New run-best at epoch 3, Val mIoU=0.7998 Dice=0.8799 F1=0.8799 HD95=296.97
[2025-12-21 16:18:52] Namespace(base_lr=0.0001, batch_size=4, deterministic=1, early_stop_patience=15, img_dir='../dataset/image', img_size=256, mask_dir='../dataset/mask', max_epochs=50, n_gpu=1, n_skip=3, num_classes=2, save_dir='../save_model_transunet', seed=42, train_ratio=0.7, val_ratio=0.15, vit_name='R50-ViT-B_16', vit_patches_size=16, warmup_epochs=5)
[2025-12-21 16:18:52] Using device: cuda
[2025-12-21 16:18:52] ======================================================================
[2025-12-21 16:18:52] 加载数据集...
[2025-12-21 16:18:52] 数据集划分:
[2025-12-21 16:18:52]   - 训练集: 433 (70.0%)
[2025-12-21 16:18:52]   - 验证集: 92 (14.9%)
[2025-12-21 16:18:52]   - 测试集: 94 (15.2%)
[2025-12-21 16:18:52] ======================================================================
[2025-12-21 16:18:52] 初始化TransUNet模型...
[2025-12-21 16:18:53] load_pretrained: resized variant: torch.Size([1, 197, 768]) to torch.Size([1, 256, 768])
[2025-12-21 16:18:53] 成功加载预训练权重: imagenet21k_R50+ViT-B_16.npz
[2025-12-21 16:18:53] ======================================================================
[2025-12-21 16:18:53] 开始训练...
[2025-12-21 16:19:24] [Epoch 1/50] Val mIoU: 0.7416 Dice: 0.8389 F1: 0.8389 HD95: 22.53 | Train Loss: 0.313531 | LR: 0.000100 | Time: 30.83s ETA: 0:25:10
[2025-12-21 16:19:26] >>> New run-best at epoch 1, Val mIoU=0.7416 Dice=0.8389 F1=0.8389 HD95=22.53
[2025-12-21 16:19:54] [Epoch 2/50] Val mIoU: 0.7920 Dice: 0.8742 F1: 0.8742 HD95: 21.37 | Train Loss: 0.158353 | LR: 0.000100 | Time: 28.77s ETA: 0:23:50
[2025-12-21 16:19:56] >>> New run-best at epoch 2, Val mIoU=0.7920 Dice=0.8742 F1=0.8742 HD95=21.37
[2025-12-21 16:20:27] [Epoch 3/50] Val mIoU: 0.8045 Dice: 0.8834 F1: 0.8834 HD95: 19.83 | Train Loss: 0.120956 | LR: 0.000099 | Time: 31.61s ETA: 0:23:49
[2025-12-21 16:20:29] >>> New run-best at epoch 3, Val mIoU=0.8045 Dice=0.8834 F1=0.8834 HD95=19.83
[2025-12-21 16:21:00] [Epoch 4/50] Val mIoU: 0.8062 Dice: 0.8847 F1: 0.8847 HD95: 20.55 | Train Loss: 0.109364 | LR: 0.000098 | Time: 31.70s ETA: 0:23:33
[2025-12-21 16:21:02] >>> New run-best at epoch 4, Val mIoU=0.8062 Dice=0.8847 F1=0.8847 HD95=20.55
[2025-12-21 16:21:33] [Epoch 5/50] Val mIoU: 0.7688 Dice: 0.8565 F1: 0.8565 HD95: 23.09 | Train Loss: 0.100048 | LR: 0.000098 | Time: 31.16s ETA: 0:23:06
[2025-12-21 16:22:05] [Epoch 6/50] Val mIoU: 0.8049 Dice: 0.8835 F1: 0.8835 HD95: 20.67 | Train Loss: 0.093169 | LR: 0.000097 | Time: 31.47s ETA: 0:22:40
[2025-12-21 16:22:37] [Epoch 7/50] Val mIoU: 0.8136 Dice: 0.8901 F1: 0.8901 HD95: 24.88 | Train Loss: 0.090087 | LR: 0.000095 | Time: 31.92s ETA: 0:22:15
[2025-12-21 16:22:39] >>> New run-best at epoch 7, Val mIoU=0.8136 Dice=0.8901 F1=0.8901 HD95=24.88
[2025-12-21 16:23:10] [Epoch 8/50] Val mIoU: 0.8183 Dice: 0.8933 F1: 0.8933 HD95: 19.36 | Train Loss: 0.086605 | LR: 0.000094 | Time: 31.91s ETA: 0:21:49
[2025-12-21 16:23:12] >>> New run-best at epoch 8, Val mIoU=0.8183 Dice=0.8933 F1=0.8933 HD95=19.36
[2025-12-21 16:23:44] [Epoch 9/50] Val mIoU: 0.7986 Dice: 0.8789 F1: 0.8789 HD95: 21.15 | Train Loss: 0.086907 | LR: 0.000092 | Time: 31.36s ETA: 0:21:18
[2025-12-21 16:24:15] [Epoch 10/50] Val mIoU: 0.8235 Dice: 0.8970 F1: 0.8970 HD95: 19.89 | Train Loss: 0.084029 | LR: 0.000091 | Time: 31.89s ETA: 0:20:50
[2025-12-21 16:24:17] >>> New run-best at epoch 10, Val mIoU=0.8235 Dice=0.8970 F1=0.8970 HD95=19.89
[2025-12-21 16:24:49] [Epoch 11/50] Val mIoU: 0.8180 Dice: 0.8931 F1: 0.8931 HD95: 16.05 | Train Loss: 0.084678 | LR: 0.000089 | Time: 32.03s ETA: 0:20:22
[2025-12-21 16:25:21] [Epoch 12/50] Val mIoU: 0.8144 Dice: 0.8904 F1: 0.8904 HD95: 20.07 | Train Loss: 0.084215 | LR: 0.000087 | Time: 32.21s ETA: 0:19:53
[2025-12-21 16:25:47] [Epoch 13/50] Val mIoU: 0.8121 Dice: 0.8887 F1: 0.8887 HD95: 18.76 | Train Loss: 0.082057 | LR: 0.000084 | Time: 26.05s ETA: 0:19:06
[2025-12-21 16:26:16] [Epoch 14/50] Val mIoU: 0.8029 Dice: 0.8830 F1: 0.8830 HD95: 17.21 | Train Loss: 0.082639 | LR: 0.000082 | Time: 28.06s ETA: 0:18:28
[2025-12-21 16:26:47] [Epoch 15/50] Val mIoU: 0.8207 Dice: 0.8950 F1: 0.8950 HD95: 21.48 | Train Loss: 0.080576 | LR: 0.000080 | Time: 31.19s ETA: 0:17:58
[2025-12-21 16:27:18] [Epoch 16/50] Val mIoU: 0.8143 Dice: 0.8902 F1: 0.8902 HD95: 16.53 | Train Loss: 0.079122 | LR: 0.000077 | Time: 31.15s ETA: 0:17:28
[2025-12-21 16:27:49] [Epoch 17/50] Val mIoU: 0.8248 Dice: 0.8976 F1: 0.8976 HD95: 20.08 | Train Loss: 0.080037 | LR: 0.000074 | Time: 31.25s ETA: 0:16:58
[2025-12-21 16:27:51] >>> New run-best at epoch 17, Val mIoU=0.8248 Dice=0.8976 F1=0.8976 HD95=20.08
[2025-12-21 16:28:22] [Epoch 18/50] Val mIoU: 0.8260 Dice: 0.8986 F1: 0.8986 HD95: 18.64 | Train Loss: 0.077811 | LR: 0.000072 | Time: 31.08s ETA: 0:16:27
[2025-12-21 16:28:24] >>> New run-best at epoch 18, Val mIoU=0.8260 Dice=0.8986 F1=0.8986 HD95=18.64
[2025-12-21 16:28:54] [Epoch 19/50] Val mIoU: 0.8265 Dice: 0.8988 F1: 0.8988 HD95: 14.47 | Train Loss: 0.077909 | LR: 0.000069 | Time: 30.89s ETA: 0:15:56
[2025-12-21 16:28:56] >>> New run-best at epoch 19, Val mIoU=0.8265 Dice=0.8988 F1=0.8988 HD95=14.47
[2025-12-21 16:29:28] [Epoch 20/50] Val mIoU: 0.8230 Dice: 0.8964 F1: 0.8964 HD95: 15.06 | Train Loss: 0.077503 | LR: 0.000066 | Time: 31.47s ETA: 0:15:27
[2025-12-21 16:29:59] [Epoch 21/50] Val mIoU: 0.8268 Dice: 0.8990 F1: 0.8990 HD95: 16.09 | Train Loss: 0.076047 | LR: 0.000063 | Time: 31.21s ETA: 0:14:56
[2025-12-21 16:30:01] >>> New run-best at epoch 21, Val mIoU=0.8268 Dice=0.8990 F1=0.8990 HD95=16.09
[2025-12-21 16:30:32] [Epoch 22/50] Val mIoU: 0.8257 Dice: 0.8985 F1: 0.8985 HD95: 18.18 | Train Loss: 0.074933 | LR: 0.000060 | Time: 31.18s ETA: 0:14:25
[2025-12-21 16:31:00] [Epoch 23/50] Val mIoU: 0.8209 Dice: 0.8953 F1: 0.8953 HD95: 17.79 | Train Loss: 0.076034 | LR: 0.000057 | Time: 28.47s ETA: 0:13:52
[2025-12-21 16:31:26] [Epoch 24/50] Val mIoU: 0.8262 Dice: 0.8986 F1: 0.8986 HD95: 20.73 | Train Loss: 0.076499 | LR: 0.000054 | Time: 25.26s ETA: 0:13:15
[2025-12-21 16:31:51] [Epoch 25/50] Val mIoU: 0.8246 Dice: 0.8974 F1: 0.8974 HD95: 18.34 | Train Loss: 0.074121 | LR: 0.000050 | Time: 25.58s ETA: 0:12:39
[2025-12-21 16:32:17] [Epoch 26/50] Val mIoU: 0.8264 Dice: 0.8986 F1: 0.8986 HD95: 17.60 | Train Loss: 0.073680 | LR: 0.000047 | Time: 25.70s ETA: 0:12:05
[2025-12-21 16:32:42] [Epoch 27/50] Val mIoU: 0.8292 Dice: 0.9007 F1: 0.9007 HD95: 17.07 | Train Loss: 0.072323 | LR: 0.000044 | Time: 25.61s ETA: 0:11:30
[2025-12-21 16:32:44] >>> New run-best at epoch 27, Val mIoU=0.8292 Dice=0.9007 F1=0.9007 HD95=17.07
[2025-12-21 16:33:09] [Epoch 28/50] Val mIoU: 0.8259 Dice: 0.8983 F1: 0.8983 HD95: 18.80 | Train Loss: 0.071726 | LR: 0.000041 | Time: 25.46s ETA: 0:10:57
[2025-12-21 16:33:35] [Epoch 29/50] Val mIoU: 0.8299 Dice: 0.9011 F1: 0.9011 HD95: 14.83 | Train Loss: 0.072209 | LR: 0.000038 | Time: 25.84s ETA: 0:10:24
[2025-12-21 16:33:36] >>> New run-best at epoch 29, Val mIoU=0.8299 Dice=0.9011 F1=0.9011 HD95=14.83
[2025-12-21 16:34:01] [Epoch 30/50] Val mIoU: 0.8299 Dice: 0.9010 F1: 0.9010 HD95: 14.67 | Train Loss: 0.071614 | LR: 0.000035 | Time: 25.08s ETA: 0:09:51
[2025-12-21 16:34:26] [Epoch 31/50] Val mIoU: 0.8252 Dice: 0.8977 F1: 0.8977 HD95: 17.22 | Train Loss: 0.072237 | LR: 0.000032 | Time: 25.25s ETA: 0:09:19
[2025-12-21 16:34:52] [Epoch 32/50] Val mIoU: 0.8270 Dice: 0.8991 F1: 0.8991 HD95: 16.36 | Train Loss: 0.069834 | LR: 0.000029 | Time: 25.22s ETA: 0:08:47
[2025-12-21 16:35:17] [Epoch 33/50] Val mIoU: 0.8248 Dice: 0.8975 F1: 0.8975 HD95: 17.68 | Train Loss: 0.068437 | LR: 0.000027 | Time: 25.30s ETA: 0:08:16
[2025-12-21 16:35:42] [Epoch 34/50] Val mIoU: 0.8314 Dice: 0.9022 F1: 0.9022 HD95: 16.82 | Train Loss: 0.069746 | LR: 0.000024 | Time: 25.46s ETA: 0:07:45
[2025-12-21 16:35:43] >>> New run-best at epoch 34, Val mIoU=0.8314 Dice=0.9022 F1=0.9022 HD95=16.82
[2025-12-21 16:36:09] [Epoch 35/50] Val mIoU: 0.8297 Dice: 0.9010 F1: 0.9010 HD95: 15.11 | Train Loss: 0.068336 | LR: 0.000021 | Time: 25.36s ETA: 0:07:14
[2025-12-21 16:36:34] [Epoch 36/50] Val mIoU: 0.8219 Dice: 0.8955 F1: 0.8955 HD95: 18.42 | Train Loss: 0.067376 | LR: 0.000019 | Time: 25.47s ETA: 0:06:44
[2025-12-21 16:36:59] [Epoch 37/50] Val mIoU: 0.8338 Dice: 0.9038 F1: 0.9038 HD95: 15.67 | Train Loss: 0.067292 | LR: 0.000017 | Time: 24.95s ETA: 0:06:13
[2025-12-21 16:37:00] >>> New run-best at epoch 37, Val mIoU=0.8338 Dice=0.9038 F1=0.9038 HD95=15.67
[2025-12-21 16:37:27] [Epoch 38/50] Val mIoU: 0.8334 Dice: 0.9035 F1: 0.9035 HD95: 15.55 | Train Loss: 0.066301 | LR: 0.000014 | Time: 27.35s ETA: 0:05:44
[2025-12-21 16:37:59] [Epoch 39/50] Val mIoU: 0.8332 Dice: 0.9033 F1: 0.9033 HD95: 15.26 | Train Loss: 0.067058 | LR: 0.000012 | Time: 31.35s ETA: 0:05:16
[2025-12-21 16:38:30] [Epoch 40/50] Val mIoU: 0.8326 Dice: 0.9029 F1: 0.9029 HD95: 15.42 | Train Loss: 0.066019 | LR: 0.000010 | Time: 31.00s ETA: 0:04:48
[2025-12-21 16:38:58] [Epoch 41/50] Val mIoU: 0.8314 Dice: 0.9021 F1: 0.9021 HD95: 15.59 | Train Loss: 0.065632 | LR: 0.000009 | Time: 28.09s ETA: 0:04:19
[2025-12-21 16:39:23] [Epoch 42/50] Val mIoU: 0.8308 Dice: 0.9016 F1: 0.9016 HD95: 16.26 | Train Loss: 0.064892 | LR: 0.000007 | Time: 25.03s ETA: 0:03:49
[2025-12-21 16:39:48] [Epoch 43/50] Val mIoU: 0.8326 Dice: 0.9030 F1: 0.9030 HD95: 14.87 | Train Loss: 0.064976 | LR: 0.000006 | Time: 25.36s ETA: 0:03:20
[2025-12-21 16:40:14] [Epoch 44/50] Val mIoU: 0.8338 Dice: 0.9038 F1: 0.9038 HD95: 14.51 | Train Loss: 0.064401 | LR: 0.000004 | Time: 25.48s ETA: 0:02:51
[2025-12-21 16:40:15] >>> New run-best at epoch 44, Val mIoU=0.8338 Dice=0.9038 F1=0.9038 HD95=14.51
[2025-12-21 16:40:40] [Epoch 45/50] Val mIoU: 0.8334 Dice: 0.9035 F1: 0.9035 HD95: 15.33 | Train Loss: 0.064233 | LR: 0.000003 | Time: 25.47s ETA: 0:02:22
[2025-12-21 16:41:06] [Epoch 46/50] Val mIoU: 0.8333 Dice: 0.9034 F1: 0.9034 HD95: 13.63 | Train Loss: 0.064219 | LR: 0.000003 | Time: 25.36s ETA: 0:01:53
[2025-12-21 16:41:31] [Epoch 47/50] Val mIoU: 0.8335 Dice: 0.9036 F1: 0.9036 HD95: 15.23 | Train Loss: 0.063577 | LR: 0.000002 | Time: 25.35s ETA: 0:01:25
[2025-12-21 16:41:57] [Epoch 48/50] Val mIoU: 0.8343 Dice: 0.9041 F1: 0.9041 HD95: 14.72 | Train Loss: 0.063888 | LR: 0.000001 | Time: 25.84s ETA: 0:00:56
[2025-12-21 16:41:58] >>> New run-best at epoch 48, Val mIoU=0.8343 Dice=0.9041 F1=0.9041 HD95=14.72
[2025-12-21 16:42:24] [Epoch 49/50] Val mIoU: 0.8337 Dice: 0.9037 F1: 0.9037 HD95: 14.75 | Train Loss: 0.063221 | LR: 0.000001 | Time: 25.61s ETA: 0:00:28
[2025-12-21 16:42:49] [Epoch 50/50] Val mIoU: 0.8340 Dice: 0.9039 F1: 0.9039 HD95: 14.91 | Train Loss: 0.063150 | LR: 0.000001 | Time: 25.37s ETA: 0:00:00
[2025-12-21 16:42:49] 
======================================================================
[2025-12-21 16:42:49] 训练完成！
[2025-12-21 16:42:49] 
加载最佳模型: ../save_model_transunet\checkpoints\run_best.pth
[2025-12-21 16:42:50] 最佳模型来自 Epoch 48, Val mIoU: 0.8343
[2025-12-21 16:42:50] 
======================================================================
[2025-12-21 16:42:50] 测试集评估 (使用最佳模型)
[2025-12-21 16:42:52] 
测试集结果:
[2025-12-21 16:42:52]   - Loss: 0.081789
[2025-12-21 16:42:52]   - Pixel Acc: 0.9655
[2025-12-21 16:42:52]   - mIoU: 0.8264
[2025-12-21 16:42:52]   - Dice: 0.8985
[2025-12-21 16:42:52]   - F1 Score: 0.8985
[2025-12-21 16:42:52]   - HD95: 16.14
[2025-12-21 16:42:53] 
模型已保存:
[2025-12-21 16:42:53]   - 最佳模型: ../save_model_transunet\checkpoints\run_best.pth
[2025-12-21 16:42:53]   - 最终模型: ../save_model_transunet\transunet_final.pth
[2025-12-28 14:55:58] Namespace(base_lr=0.0001, batch_size=4, deterministic=1, early_stop_patience=15, img_dir='../dataset/image', img_size=256, mask_dir='../dataset/mask', max_epochs=50, n_gpu=1, n_skip=3, num_classes=2, save_dir='../save_model_transunet', seed=42, train_ratio=0.7, val_ratio=0.15, vit_name='R50-ViT-B_16', vit_patches_size=16, warmup_epochs=5)
[2025-12-28 14:55:58] Using device: cuda
[2025-12-28 14:55:58] ======================================================================
[2025-12-28 14:55:58] 加载数据集...
[2025-12-28 14:55:58] 数据集划分:
[2025-12-28 14:55:58]   - 训练集: 433 (70.0%)
[2025-12-28 14:55:58]   - 验证集: 92 (14.9%)
[2025-12-28 14:55:58]   - 测试集: 94 (15.2%)
[2025-12-28 14:55:58] ======================================================================
[2025-12-28 14:55:58] 初始化UNet++模型...
